[demos.creative-tim.com/now-ui-dashboard-pro/examples/dashboard7b10.html]
[demos.creative-tim.com/now-ui-dashboard-pro/assets/img/apple-icon.png]
[backblue.gif]
[fade.gif]
[index.html]
[s3.amazonaws.com/creativetim_bucket/products/72/opt_nudp_thumbnail.jpg]
[demos.creative-tim.com/now-ui-dashboard-pro/examples/dashboard.html]
[use.fontawesome.com/releases/v5.7.1/css/all.css]
[demos.creative-tim.com/now-ui-dashboard-pro/assets/css/bootstrap.min.css]
[demos.creative-tim.com/now-ui-dashboard-pro/assets/demo/demo.css]
[demos.creative-tim.com/now-ui-dashboard-pro/assets/img/james.jpg]
[demos.creative-tim.com/now-ui-dashboard-pro/examples/pages/pricing.html]
[demos.creative-tim.com/now-ui-dashboard-pro/examples/pages/rtl.html]
[demos.creative-tim.com/now-ui-dashboard-pro/examples/pages/timeline.html]
[demos.creative-tim.com/now-ui-dashboard-pro/examples/pages/login.html]
[demos.creative-tim.com/now-ui-dashboard-pro/examples/pages/register.html]
[demos.creative-tim.com/now-ui-dashboard-pro/examples/pages/lock.html]
[demos.creative-tim.com/now-ui-dashboard-pro/examples/pages/user.html]
[demos.creative-tim.com/now-ui-dashboard-pro/examples/components/buttons.html]
[demos.creative-tim.com/now-ui-dashboard-pro/examples/components/grid.html]
[demos.creative-tim.com/now-ui-dashboard-pro/examples/components/panels.html]
[demos.creative-tim.com/now-ui-dashboard-pro/examples/components/sweet-alert.html]
[demos.creative-tim.com/now-ui-dashboard-pro/examples/components/notifications.html]
[demos.creative-tim.com/now-ui-dashboard-pro/examples/components/icons.html]
[demos.creative-tim.com/now-ui-dashboard-pro/examples/components/typography.html]
[demos.creative-tim.com/now-ui-dashboard-pro/examples/forms/regular.html]
[demos.creative-tim.com/now-ui-dashboard-pro/examples/forms/extended.html]
[demos.creative-tim.com/now-ui-dashboard-pro/examples/forms/validation.html]
[demos.creative-tim.com/now-ui-dashboard-pro/examples/forms/wizard.html]
[demos.creative-tim.com/now-ui-dashboard-pro/examples/tables/regular.html]
[demos.creative-tim.com/now-ui-dashboard-pro/examples/tables/extended.html]
[demos.creative-tim.com/now-ui-dashboard-pro/examples/tables/datatables.net.html]
[demos.creative-tim.com/now-ui-dashboard-pro/examples/maps/google.html]
[demos.creative-tim.com/now-ui-dashboard-pro/examples/maps/fullscreen.html]
[demos.creative-tim.com/now-ui-dashboard-pro/examples/maps/vector.html]
[demos.creative-tim.com/now-ui-dashboard-pro/examples/widgets.html]
[demos.creative-tim.com/now-ui-dashboard-pro/examples/charts.html]
[demos.creative-tim.com/now-ui-dashboard-pro/examples/calendar.html]
[demos.creative-tim.com/now-ui-dashboard-pro/assets/img/US.png]
[demos.creative-tim.com/now-ui-dashboard-pro/assets/img/DE.png]
[demos.creative-tim.com/now-ui-dashboard-pro/assets/img/AU.png]
[demos.creative-tim.com/now-ui-dashboard-pro/assets/img/GB.png]
[demos.creative-tim.com/now-ui-dashboard-pro/assets/img/RO.png]
[demos.creative-tim.com/now-ui-dashboard-pro/assets/img/BR.png]
[demos.creative-tim.com/now-ui-dashboard-pro/assets/img/saint-laurent.jpg]
[demos.creative-tim.com/now-ui-dashboard-pro/assets/img/balmain.jpg]
[demos.creative-tim.com/now-ui-dashboard-pro/assets/img/prada.jpg]
[demos.creative-tim.com/now-ui-dashboard-pro/assets/js/core/jquery.min.js]
[demos.creative-tim.com/now-ui-dashboard-pro/assets/js/core/popper.min.js]
[demos.creative-tim.com/now-ui-dashboard-pro/assets/js/core/bootstrap.min.js]
[demos.creative-tim.com/now-ui-dashboard-pro/assets/js/plugins/perfect-scrollbar.jquery.min.js]
[demos.creative-tim.com/now-ui-dashboard-pro/assets/js/plugins/moment.min.js]
[demos.creative-tim.com/now-ui-dashboard-pro/assets/js/plugins/bootstrap-switch.js]
[demos.creative-tim.com/now-ui-dashboard-pro/assets/js/plugins/sweetalert2.min.js]
[demos.creative-tim.com/now-ui-dashboard-pro/assets/js/plugins/jquery.validate.min.js]
[demos.creative-tim.com/now-ui-dashboard-pro/assets/js/plugins/jquery.bootstrap-wizard.js]
[demos.creative-tim.com/now-ui-dashboard-pro/assets/js/plugins/bootstrap-selectpicker.js]
[demos.creative-tim.com/now-ui-dashboard-pro/assets/js/plugins/bootstrap-datetimepicker.js]
[demos.creative-tim.com/now-ui-dashboard-pro/assets/js/plugins/jquery.dataTables.min.js]
[demos.creative-tim.com/now-ui-dashboard-pro/assets/js/plugins/bootstrap-tagsinput.js]
[demos.creative-tim.com/now-ui-dashboard-pro/assets/js/plugins/jasny-bootstrap.min.js]
[demos.creative-tim.com/now-ui-dashboard-pro/assets/js/plugins/fullcalendar.min.js]
[demos.creative-tim.com/now-ui-dashboard-pro/assets/js/plugins/jquery-jvectormap.js]
[demos.creative-tim.com/now-ui-dashboard-pro/assets/js/plugins/nouislider.min.js]
[buttons.github.io/buttons.js]
[demos.creative-tim.com/now-ui-dashboard-pro/assets/js/plugins/chartjs.min.js]
[demos.creative-tim.com/now-ui-dashboard-pro/assets/js/plugins/bootstrap-notify.js]
[demos.creative-tim.com/now-ui-dashboard-pro/assets/js/now-ui-dashboard.min44ca.js]
[demos.creative-tim.com/now-ui-dashboard-pro/assets/demo/demo.js]
[demos.creative-tim.com/now-ui-dashboard-pro/assets/demo/jquery.sharrre.js]
[demos.creative-tim.com/now-ui-dashboard-pro/examples/dashboard7b10.html]
[demos.creative-tim.com/now-ui-dashboard-pro/examples/dashboard.html]
[use.fontawesome.com/releases/v5.7.1/css/all.css]
[demos.creative-tim.com/now-ui-dashboard-pro/assets/css/bootstrap.min.css]
[demos.creative-tim.com/now-ui-dashboard-pro/assets/demo/demo.css]
[demos.creative-tim.com/now-ui-dashboard-pro/assets/css/now-ui-dashboard.min44ca.css]
[demos.creative-tim.com/now-ui-dashboard-pro/assets/img/favicon.png]
[demos.creative-tim.com/now-ui-dashboard-pro/assets/img/bg15.jpg]
[demos.creative-tim.com/now-ui-dashboard-pro/examples/pages/pricing.html]
[demos.creative-tim.com/now-ui-dashboard-pro/assets/img/emilyz.jpg]
[demos.creative-tim.com/now-ui-dashboard-pro/assets/img/mike.jpg]
[demos.creative-tim.com/now-ui-dashboard-pro/examples/pages/rtl.html]
[demos.creative-tim.com/now-ui-dashboard-pro/examples/pages/timeline.html]
[demos.creative-tim.com/now-ui-dashboard-pro/assets/img/bg14.jpg]
[demos.creative-tim.com/now-ui-dashboard-pro/assets/img/now-logo.png]
[demos.creative-tim.com/now-ui-dashboard-pro/examples/pages/login.html]
[demos.creative-tim.com/now-ui-dashboard-pro/assets/img/bg16.jpg]
[demos.creative-tim.com/now-ui-dashboard-pro/examples/pages/register.html]
[demos.creative-tim.com/now-ui-dashboard-pro/assets/img/bg13.jpg]
[demos.creative-tim.com/now-ui-dashboard-pro/examples/pages/lock.html]
[demos.creative-tim.com/now-ui-dashboard-pro/assets/img/bg5.jpg]
[demos.creative-tim.com/now-ui-dashboard-pro/examples/pages/user.html]
[demos.creative-tim.com/now-ui-dashboard-pro/examples/components/buttons.html]
[demos.creative-tim.com/now-ui-dashboard-pro/examples/components/grid.html]
[demos.creative-tim.com/now-ui-dashboard-pro/examples/components/panels.html]
[demos.creative-tim.com/now-ui-dashboard-pro/examples/components/sweet-alert.html]
[cdnjs.cloudflare.com/ajax/libs/core-js/2.4.1/core.js]
[demos.creative-tim.com/now-ui-dashboard-pro/assets/img/bg1.jpg]
[demos.creative-tim.com/now-ui-dashboard-pro/assets/img/bg3.jpg]
[demos.creative-tim.com/now-ui-dashboard-pro/examples/components/notifications.html]
[demos.creative-tim.com/now-ui-dashboard-pro/examples/components/icons.html]
[demos.creative-tim.com/now-ui-dashboard-pro/examples/components/typography.html]
[demos.creative-tim.com/now-ui-dashboard-pro/examples/forms/regular.html]
[demos.creative-tim.com/cdn-cgi/scripts/5c5dd728/cloudflare-static/email-decode.min.js]
[demos.creative-tim.com/now-ui-dashboard-pro/assets/img/image_placeholder.jpg]
[demos.creative-tim.com/now-ui-dashboard-pro/assets/img/placeholder.jpg]
[demos.creative-tim.com/now-ui-dashboard-pro/examples/forms/extended.html]
[demos.creative-tim.com/now-ui-dashboard-pro/examples/forms/true]
[demos.creative-tim.com/now-ui-dashboard-pro/examples/forms/validation.html]
[demos.creative-tim.com/now-ui-dashboard-pro/assets/img/default-avatar.png]
[demos.creative-tim.com/now-ui-dashboard-pro/examples/forms/wizard.html]
[demos.creative-tim.com/now-ui-dashboard-pro/examples/tables/regular.html]
[demos.creative-tim.com/now-ui-dashboard-pro/examples/tables/extended.html]
[demos.creative-tim.com/now-ui-dashboard-pro/examples/tables/datatables.net.html]
[demos.creative-tim.com/now-ui-dashboard-pro/examples/maps/google.html]
[demos.creative-tim.com/now-ui-dashboard-pro/examples/maps/fullscreen.html]
[demos.creative-tim.com/now-ui-dashboard-pro/examples/maps/vector.html]
[demos.creative-tim.com/now-ui-dashboard-pro/examples/widgets.html]
[demos.creative-tim.com/now-ui-dashboard-pro/examples/charts.html]
[demos.creative-tim.com/now-ui-dashboard-pro/examples/calendar.html]
[demos.creative-tim.com/now-ui-dashboard-pro/examples/POST]
[connect.facebook.net/en_US/fbevents.js]
[demos.creative-tim.com/now-ui-dashboard-pro/assets/css/now-ui-dashboard.min44ca.css]
[www.googletagmanager.com/gtm5445.js]
[cdn.rtlcss.com/bootstrap/v4.0.0/css/bootstrap.min.html]
[cdn.rtlcss.com/bootstrap/v4.0.0/js/bootstrap.min.html]
[demos.creative-tim.com/now-ui-dashboard-pro/examples/forms/true.html]
[demos.creative-tim.com/now-ui-dashboard-pro/examples/POST.html]
